'TuzaExpressionValues.covers_value' depends on axioms: [propext, Classical.choice, Quot.sound]
'TuzaExpressionValues.packings_value' depends on axioms: [propext, Classical.choice, Quot.sound]
'TuzaExpressionValues.common_value' depends on axioms: [propext, Classical.choice, Quot.sound]
'TuzaExpressionValues.conclusion_from_bounds' depends on axioms: [propext, Classical.choice, Quot.sound]
TuzaExpressionValues.conclusion_from_bounds (v : Point) (tau nu : ℝ) (hcover : ∀ c ∈ coverValues v, tau ≤ cup v + c)
  (hpacking : ∀ b ∈ packingValues v, cup v + b ≤ nu)
  (hcommon : 0 ≤ (1 + 3 * (v 3 + v 4) ^ 2) / 16 - (1 + v 3 + v 4) * max 0 ((1 + v 3 + v 4) / 2 - v 2) ^ 2 → tau ≤ nu)
  (h : Conclusion v) : tau ≤ nu
/opt/tuza-lean-cache/mathlib/NormalizedBounds.lean:125:17: warning: This simp argument is unused:
  point_0

Hint: Omit it from the simp argument list.
  [apply] simp only [cup, point_1, point_2, point_3, point_4, point_5]

Note: This linter can be disabled with `set_option linter.unusedSimpArgs false`
/opt/tuza-lean-cache/mathlib/NormalizedBounds.lean:125:25: warning: This simp argument is unused:
  point_1

Hint: Omit it from the simp argument list.
  [apply] simp only [cup, point_0, point_2, point_3, point_4, point_5]

Note: This linter can be disabled with `set_option linter.unusedSimpArgs false`
/opt/tuza-lean-cache/mathlib/NormalizedBounds.lean:125:33: warning: This simp argument is unused:
  point_2

Hint: Omit it from the simp argument list.
  [apply] simp only [cup, point_0, point_1, point_3, point_4, point_5]

Note: This linter can be disabled with `set_option linter.unusedSimpArgs false`
/opt/tuza-lean-cache/mathlib/NormalizedBounds.lean:125:41: warning: This simp argument is unused:
  point_3

Hint: Omit it from the simp argument list.
  [apply] simp only [cup, point_0, point_1, point_2, point_4, point_5]

Note: This linter can be disabled with `set_option linter.unusedSimpArgs false`
/opt/tuza-lean-cache/mathlib/NormalizedBounds.lean:125:49: warning: This simp argument is unused:
  point_4

Hint: Omit it from the simp argument list.
  [apply] simp only [cup, point_0, point_1, point_2, point_3, point_5]

Note: This linter can be disabled with `set_option linter.unusedSimpArgs false`
/opt/tuza-lean-cache/mathlib/NormalizedBounds.lean:127:6: warning: Unused tactic linter: `ring` does nothing

Note: This linter can be disabled with `set_option linter.unusedTactic false`
/opt/tuza-lean-cache/mathlib/NormalizedBounds.lean:127:6: warning: this tactic is never executed

Note: This linter can be disabled with `set_option linter.unreachableTactic false`
/opt/tuza-lean-cache/mathlib/NormalizedBounds.lean:129:34: warning: Variable name `u` is not explicitly referenced.

Hint: The binding can be removed (if unused) or named `_` (if used implicitly). Alternatively, prefix the name with `_` to silence this warning:
  [apply] _u

Note: This linter can be disabled with `set_option linter.unusedVariables false`
/opt/tuza-lean-cache/mathlib/NormalizedBounds.lean:138:6: warning: Unused tactic linter: `ring` does nothing

Note: This linter can be disabled with `set_option linter.unusedTactic false`
/opt/tuza-lean-cache/mathlib/NormalizedBounds.lean:138:6: warning: this tactic is never executed

Note: This linter can be disabled with `set_option linter.unreachableTactic false`
/opt/tuza-lean-cache/mathlib/NormalizedBounds.lean:144:78: warning: Unused tactic linter: `ring` does nothing

Note: This linter can be disabled with `set_option linter.unusedTactic false`
/opt/tuza-lean-cache/mathlib/NormalizedBounds.lean:144:78: warning: this tactic is never executed

Note: This linter can be disabled with `set_option linter.unreachableTactic false`
/opt/tuza-lean-cache/mathlib/NormalizedBounds.lean:153:4: warning: Used `tac1 <;> tac2` where `(tac1; tac2)` would suffice

Note: This linter can be disabled with `set_option linter.unnecessarySeqFocus false`
/opt/tuza-lean-cache/mathlib/NormalizedBounds.lean:156:56: warning: Variable name `hu` is not explicitly referenced.

Hint: The binding can be removed (if unused) or named `_` (if used implicitly). Alternatively, prefix the name with `_` to silence this warning:
  [apply] _hu

Note: This linter can be disabled with `set_option linter.unusedVariables false`
/opt/tuza-lean-cache/mathlib/NormalizedBounds.lean:162:17: warning: This simp argument is unused:
  point_0

Hint: Omit it from the simp argument list.
  [apply] simp only [cup, point_1, point_2, point_3, point_4, point_5]

Note: This linter can be disabled with `set_option linter.unusedSimpArgs false`
/opt/tuza-lean-cache/mathlib/NormalizedBounds.lean:162:25: warning: This simp argument is unused:
  point_1

Hint: Omit it from the simp argument list.
  [apply] simp only [cup, point_0, point_2, point_3, point_4, point_5]

Note: This linter can be disabled with `set_option linter.unusedSimpArgs false`
/opt/tuza-lean-cache/mathlib/NormalizedBounds.lean:162:33: warning: This simp argument is unused:
  point_2

Hint: Omit it from the simp argument list.
  [apply] simp only [cup, point_0, point_1, point_3, point_4, point_5]

Note: This linter can be disabled with `set_option linter.unusedSimpArgs false`
/opt/tuza-lean-cache/mathlib/NormalizedBounds.lean:162:41: warning: This simp argument is unused:
  point_3

Hint: Omit it from the simp argument list.
  [apply] simp only [cup, point_0, point_1, point_2, point_4, point_5]

Note: This linter can be disabled with `set_option linter.unusedSimpArgs false`
/opt/tuza-lean-cache/mathlib/NormalizedBounds.lean:162:49: warning: This simp argument is unused:
  point_4

Hint: Omit it from the simp argument list.
  [apply] simp only [cup, point_0, point_1, point_2, point_3, point_5]

Note: This linter can be disabled with `set_option linter.unusedSimpArgs false`
/opt/tuza-lean-cache/mathlib/NormalizedBounds.lean:164:2: warning: Used `tac1 <;> tac2` where `(tac1; tac2)` would suffice

Note: This linter can be disabled with `set_option linter.unnecessarySeqFocus false`
/opt/tuza-lean-cache/mathlib/NormalizedBounds.lean:170:59: warning: This simp argument is unused:
  point_5

Hint: Omit it from the simp argument list.
  [apply] simp only [i0, i1, point_0, point_1, point_2, point_3, point_4, independentRate]

Note: This linter can be disabled with `set_option linter.unusedSimpArgs false`
/opt/tuza-lean-cache/mathlib/NormalizedBounds.lean:173:2: warning: Used `tac1 <;> tac2` where `(tac1; tac2)` would suffice

Note: This linter can be disabled with `set_option linter.unnecessarySeqFocus false`
/opt/tuza-lean-cache/mathlib/NormalizedBounds.lean:179:59: warning: This simp argument is unused:
  point_5

Hint: Omit it from the simp argument list.
  [apply] simp only [j0, j1, point_0, point_1, point_2, point_3, point_4, coupledRate]

Note: This linter can be disabled with `set_option linter.unusedSimpArgs false`
/opt/tuza-lean-cache/mathlib/NormalizedBounds.lean:189:2: warning: Used `tac1 <;> tac2` where `(tac1; tac2)` would suffice

Note: This linter can be disabled with `set_option linter.unnecessarySeqFocus false`
/opt/tuza-lean-cache/mathlib/NormalizedBounds.lean:201:17: warning: This simp argument is unused:
  point_0

Hint: Omit it from the simp argument list.
  [apply] simp only [cup, point_1, point_2, point_3, point_4, point_5]

Note: This linter can be disabled with `set_option linter.unusedSimpArgs false`
/opt/tuza-lean-cache/mathlib/NormalizedBounds.lean:201:25: warning: This simp argument is unused:
  point_1

Hint: Omit it from the simp argument list.
  [apply] simp only [cup, point_0, point_2, point_3, point_4, point_5]

Note: This linter can be disabled with `set_option linter.unusedSimpArgs false`
/opt/tuza-lean-cache/mathlib/NormalizedBounds.lean:201:33: warning: This simp argument is unused:
  point_2

Hint: Omit it from the simp argument list.
  [apply] simp only [cup, point_0, point_1, point_3, point_4, point_5]

Note: This linter can be disabled with `set_option linter.unusedSimpArgs false`
/opt/tuza-lean-cache/mathlib/NormalizedBounds.lean:201:41: warning: This simp argument is unused:
  point_3

Hint: Omit it from the simp argument list.
  [apply] simp only [cup, point_0, point_1, point_2, point_4, point_5]

Note: This linter can be disabled with `set_option linter.unusedSimpArgs false`
/opt/tuza-lean-cache/mathlib/NormalizedBounds.lean:201:49: warning: This simp argument is unused:
  point_4

Hint: Omit it from the simp argument list.
  [apply] simp only [cup, point_0, point_1, point_2, point_3, point_5]

Note: This linter can be disabled with `set_option linter.unusedSimpArgs false`
/opt/tuza-lean-cache/mathlib/NormalizedBounds.lean:203:2: warning: Used `tac1 <;> tac2` where `(tac1; tac2)` would suffice

Note: This linter can be disabled with `set_option linter.unnecessarySeqFocus false`
/opt/tuza-lean-cache/mathlib/NormalizedBounds.lean:212:46: warning: This simp argument is unused:
  point_2

Hint: Omit it from the simp argument list.
  [apply] simp only [cup, averageValue, point_0, point_1, point_3, point_4, point_5]

Note: This linter can be disabled with `set_option linter.unusedSimpArgs false`
/opt/tuza-lean-cache/mathlib/NormalizedBounds.lean:212:54: warning: This simp argument is unused:
  point_3

Hint: Omit it from the simp argument list.
  [apply] simp only [cup, averageValue, point_0, point_1, point_2, point_4, point_5]

Note: This linter can be disabled with `set_option linter.unusedSimpArgs false`
/opt/tuza-lean-cache/mathlib/NormalizedBounds.lean:212:62: warning: This simp argument is unused:
  point_4

Hint: Omit it from the simp argument list.
  [apply] simp only [cup, averageValue, point_0, point_1, point_2, point_3, point_5]

Note: This linter can be disabled with `set_option linter.unusedSimpArgs false`
/opt/tuza-lean-cache/mathlib/NormalizedBounds.lean:209:62: warning: Unused tactic linter: `ring` does nothing

Note: This linter can be disabled with `set_option linter.unusedTactic false`
/opt/tuza-lean-cache/mathlib/NormalizedBounds.lean:209:62: warning: this tactic is never executed

Note: This linter can be disabled with `set_option linter.unreachableTactic false`
/opt/tuza-lean-cache/mathlib/NormalizedBounds.lean:214:2: warning: Used `tac1 <;> tac2` where `(tac1; tac2)` would suffice

Note: This linter can be disabled with `set_option linter.unnecessarySeqFocus false`
'TuzaNormalization.cup_identity' depends on axioms: [propext, Classical.choice, Quot.sound]
'TuzaNormalization.separable_identity' depends on axioms: [propext, Classical.choice, Quot.sound]
'TuzaNormalization.common_identity' depends on axioms: [propext, Classical.choice, Quot.sound]
'TuzaNormalization.shadow_identity' depends on axioms: [propext, Classical.choice, Quot.sound]
'TuzaNormalization.independent_identity' depends on axioms: [propext, Classical.choice, Quot.sound]
'TuzaNormalization.coupled_identity' depends on axioms: [propext, Classical.choice, Quot.sound]
'TuzaNormalization.average_identity' depends on axioms: [propext, Classical.choice, Quot.sound]
TuzaNormalization.average_identity (k s t u p q r z : ℝ) (hk : k ≠ 0) (hd : k + r + z ≠ 0) :
  k ^ 2 * (cup (point k s t u p q) + averageValue (point k s t u p q) (r / k) (z / k)) =
    (k * (k - 1) * (k - 2) / 3 + r * s * (s - 1) + z * t * (t - 1)) / (k + r + z)
/opt/tuza-lean-cache/mathlib/NormalizedBounds.lean:271:25: warning: This simp argument is unused:
  point

Hint: Omit it from the simp argument list.
  [apply] simp only [coverValues, List.mem_cons, List.not_mem_nil, or_false] at hcMem

Note: This linter can be disabled with `set_option linter.unusedSimpArgs false`
/opt/tuza-lean-cache/mathlib/NormalizedBounds.lean:277:33: warning: This simp argument is unused:
  point_2

Hint: Omit it from the simp argument list.
  [apply] simp only [v, point_0, point_1, point_3, point_4, point_5]

Note: This linter can be disabled with `set_option linter.unusedSimpArgs false`
/opt/tuza-lean-cache/mathlib/NormalizedBounds.lean:277:57: warning: This simp argument is unused:
  point_5

Hint: Omit it from the simp argument list.
  [apply] simp only [v, point_0, point_1, point_2, point_3, point_4]

Note: This linter can be disabled with `set_option linter.unusedSimpArgs false`
/opt/tuza-lean-cache/mathlib/NormalizedBounds.lean:285:41: warning: This simp argument is unused:
  point_3

Hint: Omit it from the simp argument list.
  [apply] simp only [v, point_0, point_1, point_2, point_4, point_5]

Note: This linter can be disabled with `set_option linter.unusedSimpArgs false`
/opt/tuza-lean-cache/mathlib/NormalizedBounds.lean:285:49: warning: This simp argument is unused:
  point_4

Hint: Omit it from the simp argument list.
  [apply] simp only [v, point_0, point_1, point_2, point_3, point_5]

Note: This linter can be disabled with `set_option linter.unusedSimpArgs false`
/opt/tuza-lean-cache/mathlib/NormalizedBounds.lean:291:57: warning: This simp argument is unused:
  point_5

Hint: Omit it from the simp argument list.
  [apply] simp only [v, point_0, point_1, point_2, point_3, point_4]

Note: This linter can be disabled with `set_option linter.unusedSimpArgs false`
/opt/tuza-lean-cache/mathlib/NormalizedBounds.lean:340:57: warning: This simp argument is unused:
  point_0

Hint: Omit it from the simp argument list.
  [apply] simp only [v, point_1, point_2, point_3, point_4, point_5]

Note: This linter can be disabled with `set_option linter.unusedSimpArgs false`
/opt/tuza-lean-cache/mathlib/NormalizedBounds.lean:340:65: warning: This simp argument is unused:
  point_1

Hint: Omit it from the simp argument list.
  [apply] simp only [v, point_0, point_2, point_3, point_4, point_5]

Note: This linter can be disabled with `set_option linter.unusedSimpArgs false`
/opt/tuza-lean-cache/mathlib/NormalizedBounds.lean:340:73: warning: This simp argument is unused:
  point_2

Hint: Omit it from the simp argument list.
  [apply] simp only [v, point_0, point_1, point_3, point_4, point_5]

Note: This linter can be disabled with `set_option linter.unusedSimpArgs false`
/opt/tuza-lean-cache/mathlib/NormalizedBounds.lean:340:81: warning: This simp argument is unused:
  point_3

Hint: Omit it from the simp argument list.
  [apply] simp only [v, point_0, point_1, point_2, point_4, point_5]

Note: This linter can be disabled with `set_option linter.unusedSimpArgs false`
/opt/tuza-lean-cache/mathlib/NormalizedBounds.lean:340:89: warning: This simp argument is unused:
  point_4

Hint: Omit it from the simp argument list.
  [apply] simp only [v, point_0, point_1, point_2, point_3, point_5]

Note: This linter can be disabled with `set_option linter.unusedSimpArgs false`
/opt/tuza-lean-cache/mathlib/NormalizedBounds.lean:362:17: warning: This simp argument is unused:
  point_0

Hint: Omit it from the simp argument list.
  [apply] simp only [v, point_1, point_2, point_3, point_4, point_5]

Note: This linter can be disabled with `set_option linter.unusedSimpArgs false`
/opt/tuza-lean-cache/mathlib/NormalizedBounds.lean:362:25: warning: This simp argument is unused:
  point_1

Hint: Omit it from the simp argument list.
  [apply] simp only [v, point_0, point_2, point_3, point_4, point_5]

Note: This linter can be disabled with `set_option linter.unusedSimpArgs false`
/opt/tuza-lean-cache/mathlib/NormalizedBounds.lean:362:33: warning: This simp argument is unused:
  point_2

Hint: Omit it from the simp argument list.
  [apply] simp only [v, point_0, point_1, point_3, point_4, point_5]

Note: This linter can be disabled with `set_option linter.unusedSimpArgs false`
/opt/tuza-lean-cache/mathlib/NormalizedBounds.lean:362:41: warning: This simp argument is unused:
  point_3

Hint: Omit it from the simp argument list.
  [apply] simp only [v, point_0, point_1, point_2, point_4, point_5]

Note: This linter can be disabled with `set_option linter.unusedSimpArgs false`
/opt/tuza-lean-cache/mathlib/NormalizedBounds.lean:362:49: warning: This simp argument is unused:
  point_4

Hint: Omit it from the simp argument list.
  [apply] simp only [v, point_0, point_1, point_2, point_3, point_5]

Note: This linter can be disabled with `set_option linter.unusedSimpArgs false`
/opt/tuza-lean-cache/mathlib/NormalizedBounds.lean:340:132: warning: Unused tactic linter: `ring` does nothing

Note: This linter can be disabled with `set_option linter.unusedTactic false`
/opt/tuza-lean-cache/mathlib/NormalizedBounds.lean:340:132: warning: this tactic is never executed

Note: This linter can be disabled with `set_option linter.unreachableTactic false`
'TuzaNormalizedGraph.cover_bounds' depends on axioms: [propext, Classical.choice, Quot.sound]
'TuzaNormalizedGraph.packing_bounds' depends on axioms: [propext, Classical.choice, Quot.sound]
TuzaNormalizedGraph.packing_bounds.{u_1} {V : Type u_1} [DecidableEq V] [Fintype V] (S T : Finset V) (p q : ℕ)
  (hk : 2 ≤ Fintype.card V) (hs : 2 ≤ #S) (ht : 2 ≤ #T) (hst : #S ≤ #T) (hp : p ≤ colorCount #S)
  (hq : q ≤ colorCount #T) :
  have k := ↑(Fintype.card V);
  have v := point k ↑(#S) ↑(#T) ↑(#(S ∩ T)) ↑p ↑q;
  ∀ b ∈ packingValues v, cup v + b ≤ 2 * ↑(packingNumber (twoAttached ⊤ S T (Fin p) (Fin q))) / k ^ 2
/opt/tuza-lean-cache/mathlib/NormalizedBounds.lean:388:2: warning: Used `tac1 <;> tac2` where `(tac1; tac2)` would suffice

Note: This linter can be disabled with `set_option linter.unnecessarySeqFocus false`
/opt/tuza-lean-cache/mathlib/NormalizedBounds.lean:403:40: warning: This simp argument is unused:
  point_0

Hint: Omit it from the simp argument list.
  [apply] simp only [v, point_1, point_2, point_3, point_4, point_5]

Note: This linter can be disabled with `set_option linter.unusedSimpArgs false`
/opt/tuza-lean-cache/mathlib/NormalizedBounds.lean:403:48: warning: This simp argument is unused:
  point_1

Hint: Omit it from the simp argument list.
  [apply] simp only [v, point_0, point_2, point_3, point_4, point_5]

Note: This linter can be disabled with `set_option linter.unusedSimpArgs false`
/opt/tuza-lean-cache/mathlib/NormalizedBounds.lean:403:56: warning: This simp argument is unused:
  point_2

Hint: Omit it from the simp argument list.
  [apply] simp only [v, point_0, point_1, point_3, point_4, point_5]

Note: This linter can be disabled with `set_option linter.unusedSimpArgs false`
/opt/tuza-lean-cache/mathlib/NormalizedBounds.lean:403:72: warning: This simp argument is unused:
  point_4

Hint: Omit it from the simp argument list.
  [apply] simp only [v, point_0, point_1, point_2, point_3, point_5]

Note: This linter can be disabled with `set_option linter.unusedSimpArgs false`
/opt/tuza-lean-cache/mathlib/NormalizedBounds.lean:403:80: warning: This simp argument is unused:
  point_5

Hint: Omit it from the simp argument list.
  [apply] simp only [v, point_0, point_1, point_2, point_3, point_4]

Note: This linter can be disabled with `set_option linter.unusedSimpArgs false`
/opt/tuza-lean-cache/mathlib/NormalizedBounds.lean:404:40: warning: This simp argument is unused:
  point_0

Hint: Omit it from the simp argument list.
  [apply] simp only [v, point_1, point_2, point_3, point_4, point_5]

Note: This linter can be disabled with `set_option linter.unusedSimpArgs false`
/opt/tuza-lean-cache/mathlib/NormalizedBounds.lean:404:48: warning: This simp argument is unused:
  point_1

Hint: Omit it from the simp argument list.
  [apply] simp only [v, point_0, point_2, point_3, point_4, point_5]

Note: This linter can be disabled with `set_option linter.unusedSimpArgs false`
/opt/tuza-lean-cache/mathlib/NormalizedBounds.lean:404:56: warning: This simp argument is unused:
  point_2

Hint: Omit it from the simp argument list.
  [apply] simp only [v, point_0, point_1, point_3, point_4, point_5]

Note: This linter can be disabled with `set_option linter.unusedSimpArgs false`
/opt/tuza-lean-cache/mathlib/NormalizedBounds.lean:404:64: warning: This simp argument is unused:
  point_3

Hint: Omit it from the simp argument list.
  [apply] simp only [v, point_0, point_1, point_2, point_4, point_5]

Note: This linter can be disabled with `set_option linter.unusedSimpArgs false`
/opt/tuza-lean-cache/mathlib/NormalizedBounds.lean:404:80: warning: This simp argument is unused:
  point_5

Hint: Omit it from the simp argument list.
  [apply] simp only [v, point_0, point_1, point_2, point_3, point_4]

Note: This linter can be disabled with `set_option linter.unusedSimpArgs false`
/opt/tuza-lean-cache/mathlib/NormalizedBounds.lean:408:17: warning: This simp argument is unused:
  point_0

Hint: Omit it from the simp argument list.
  [apply] simp only [v, point_1, point_2, point_3, point_4, point_5]

Note: This linter can be disabled with `set_option linter.unusedSimpArgs false`
/opt/tuza-lean-cache/mathlib/NormalizedBounds.lean:408:25: warning: This simp argument is unused:
  point_1

Hint: Omit it from the simp argument list.
  [apply] simp only [v, point_0, point_2, point_3, point_4, point_5]

Note: This linter can be disabled with `set_option linter.unusedSimpArgs false`
/opt/tuza-lean-cache/mathlib/NormalizedBounds.lean:408:33: warning: This simp argument is unused:
  point_2

Hint: Omit it from the simp argument list.
  [apply] simp only [v, point_0, point_1, point_3, point_4, point_5]

Note: This linter can be disabled with `set_option linter.unusedSimpArgs false`
/opt/tuza-lean-cache/mathlib/NormalizedBounds.lean:408:49: warning: This simp argument is unused:
  point_4

Hint: Omit it from the simp argument list.
  [apply] simp only [v, point_0, point_1, point_2, point_3, point_5]

Note: This linter can be disabled with `set_option linter.unusedSimpArgs false`
/opt/tuza-lean-cache/mathlib/NormalizedBounds.lean:408:57: warning: This simp argument is unused:
  point_5

Hint: Omit it from the simp argument list.
  [apply] simp only [v, point_0, point_1, point_2, point_3, point_4]

Note: This linter can be disabled with `set_option linter.unusedSimpArgs false`
/opt/tuza-lean-cache/mathlib/NormalizedBounds.lean:412:17: warning: This simp argument is unused:
  point_0

Hint: Omit it from the simp argument list.
  [apply] simp only [v, point_1, point_2, point_3, point_4, point_5]

Note: This linter can be disabled with `set_option linter.unusedSimpArgs false`
/opt/tuza-lean-cache/mathlib/NormalizedBounds.lean:412:25: warning: This simp argument is unused:
  point_1

Hint: Omit it from the simp argument list.
  [apply] simp only [v, point_0, point_2, point_3, point_4, point_5]

Note: This linter can be disabled with `set_option linter.unusedSimpArgs false`
/opt/tuza-lean-cache/mathlib/NormalizedBounds.lean:412:33: warning: This simp argument is unused:
  point_2

Hint: Omit it from the simp argument list.
  [apply] simp only [v, point_0, point_1, point_3, point_4, point_5]

Note: This linter can be disabled with `set_option linter.unusedSimpArgs false`
/opt/tuza-lean-cache/mathlib/NormalizedBounds.lean:412:41: warning: This simp argument is unused:
  point_3

Hint: Omit it from the simp argument list.
  [apply] simp only [v, point_0, point_1, point_2, point_4, point_5]

Note: This linter can be disabled with `set_option linter.unusedSimpArgs false`
/opt/tuza-lean-cache/mathlib/NormalizedBounds.lean:412:57: warning: This simp argument is unused:
  point_5

Hint: Omit it from the simp argument list.
  [apply] simp only [v, point_0, point_1, point_2, point_3, point_4]

Note: This linter can be disabled with `set_option linter.unusedSimpArgs false`
/opt/tuza-lean-cache/mathlib/NormalizedBounds.lean:416:17: warning: This simp argument is unused:
  point_0

Hint: Omit it from the simp argument list.
  [apply] simp only [v, point_1, point_2, point_3, point_4, point_5]

Note: This linter can be disabled with `set_option linter.unusedSimpArgs false`
/opt/tuza-lean-cache/mathlib/NormalizedBounds.lean:416:25: warning: This simp argument is unused:
  point_1

Hint: Omit it from the simp argument list.
  [apply] simp only [v, point_0, point_2, point_3, point_4, point_5]

Note: This linter can be disabled with `set_option linter.unusedSimpArgs false`
/opt/tuza-lean-cache/mathlib/NormalizedBounds.lean:416:33: warning: This simp argument is unused:
  point_2

Hint: Omit it from the simp argument list.
  [apply] simp only [v, point_0, point_1, point_3, point_4, point_5]

Note: This linter can be disabled with `set_option linter.unusedSimpArgs false`
/opt/tuza-lean-cache/mathlib/NormalizedBounds.lean:416:41: warning: This simp argument is unused:
  point_3

Hint: Omit it from the simp argument list.
  [apply] simp only [v, point_0, point_1, point_2, point_4, point_5]

Note: This linter can be disabled with `set_option linter.unusedSimpArgs false`
/opt/tuza-lean-cache/mathlib/NormalizedBounds.lean:416:49: warning: This simp argument is unused:
  point_4

Hint: Omit it from the simp argument list.
  [apply] simp only [v, point_0, point_1, point_2, point_3, point_5]

Note: This linter can be disabled with `set_option linter.unusedSimpArgs false`
'TuzaNormalizedGraph.average_numerator' depends on axioms: [propext, Classical.choice, Quot.sound]
'TuzaNormalizedGraph.conclusion_implies_tuza' depends on axioms: [propext, Classical.choice, Quot.sound]
TuzaNormalizedGraph.conclusion_implies_tuza.{u_1} {V : Type u_1} [DecidableEq V] [Fintype V] (S T : Finset V) (p q : ℕ)
  (hk : 43 ≤ Fintype.card V) (hs : 2 ≤ #S) (ht : 2 ≤ #T) (hst : #S ≤ #T) (htHalf : ↑(Fintype.card V) / 2 ≤ ↑(#T))
  (hp : p ≤ colorCount #S) (hq : q ≤ colorCount #T)
  (hcert : Conclusion (point ↑(Fintype.card V) ↑(#S) ↑(#T) ↑(#(S ∩ T)) ↑p ↑q)) :
  coverNumber (twoAttached ⊤ S T (Fin p) (Fin q)) ≤ 2 * packingNumber (twoAttached ⊤ S T (Fin p) (Fin q))
/opt/tuza-lean-cache/mathlib/NormalizedBounds.lean:586:50: warning: This simp argument is unused:
  point_0

Hint: Omit it from the simp argument list.
  [apply] simp only [v, point_1, point_2, point_3, point_4, point_5]

Note: This linter can be disabled with `set_option linter.unusedSimpArgs false`
/opt/tuza-lean-cache/mathlib/NormalizedBounds.lean:586:58: warning: This simp argument is unused:
  point_1

Hint: Omit it from the simp argument list.
  [apply] simp only [v, point_0, point_2, point_3, point_4, point_5]

Note: This linter can be disabled with `set_option linter.unusedSimpArgs false`
/opt/tuza-lean-cache/mathlib/NormalizedBounds.lean:586:74: warning: This simp argument is unused:
  point_3

Hint: Omit it from the simp argument list.
  [apply] simp only [v, point_0, point_1, point_2, point_4, point_5]

Note: This linter can be disabled with `set_option linter.unusedSimpArgs false`
/opt/tuza-lean-cache/mathlib/NormalizedBounds.lean:586:82: warning: This simp argument is unused:
  point_4

Hint: Omit it from the simp argument list.
  [apply] simp only [v, point_0, point_1, point_2, point_3, point_5]

Note: This linter can be disabled with `set_option linter.unusedSimpArgs false`
/opt/tuza-lean-cache/mathlib/NormalizedBounds.lean:586:90: warning: This simp argument is unused:
  point_5

Hint: Omit it from the simp argument list.
  [apply] simp only [v, point_0, point_1, point_2, point_3, point_4]

Note: This linter can be disabled with `set_option linter.unusedSimpArgs false`
/opt/tuza-lean-cache/mathlib/NormalizedBounds.lean:587:51: warning: This simp argument is unused:
  point_0

Hint: Omit it from the simp argument list.
  [apply] simp only [v, point_1, point_2, point_3, point_4, point_5]

Note: This linter can be disabled with `set_option linter.unusedSimpArgs false`
/opt/tuza-lean-cache/mathlib/NormalizedBounds.lean:587:59: warning: This simp argument is unused:
  point_1

Hint: Omit it from the simp argument list.
  [apply] simp only [v, point_0, point_2, point_3, point_4, point_5]

Note: This linter can be disabled with `set_option linter.unusedSimpArgs false`
/opt/tuza-lean-cache/mathlib/NormalizedBounds.lean:587:67: warning: This simp argument is unused:
  point_2

Hint: Omit it from the simp argument list.
  [apply] simp only [v, point_0, point_1, point_3, point_4, point_5]

Note: This linter can be disabled with `set_option linter.unusedSimpArgs false`
/opt/tuza-lean-cache/mathlib/NormalizedBounds.lean:587:83: warning: This simp argument is unused:
  point_4

Hint: Omit it from the simp argument list.
  [apply] simp only [v, point_0, point_1, point_2, point_3, point_5]

Note: This linter can be disabled with `set_option linter.unusedSimpArgs false`
/opt/tuza-lean-cache/mathlib/NormalizedBounds.lean:587:91: warning: This simp argument is unused:
  point_5

Hint: Omit it from the simp argument list.
  [apply] simp only [v, point_0, point_1, point_2, point_3, point_4]

Note: This linter can be disabled with `set_option linter.unusedSimpArgs false`
/opt/tuza-lean-cache/mathlib/NormalizedBounds.lean:588:51: warning: This simp argument is unused:
  point_0

Hint: Omit it from the simp argument list.
  [apply] simp only [v, point_1, point_2, point_3, point_4, point_5]

Note: This linter can be disabled with `set_option linter.unusedSimpArgs false`
/opt/tuza-lean-cache/mathlib/NormalizedBounds.lean:588:59: warning: This simp argument is unused:
  point_1

Hint: Omit it from the simp argument list.
  [apply] simp only [v, point_0, point_2, point_3, point_4, point_5]

Note: This linter can be disabled with `set_option linter.unusedSimpArgs false`
/opt/tuza-lean-cache/mathlib/NormalizedBounds.lean:588:67: warning: This simp argument is unused:
  point_2

Hint: Omit it from the simp argument list.
  [apply] simp only [v, point_0, point_1, point_3, point_4, point_5]

Note: This linter can be disabled with `set_option linter.unusedSimpArgs false`
/opt/tuza-lean-cache/mathlib/NormalizedBounds.lean:588:75: warning: This simp argument is unused:
  point_3

Hint: Omit it from the simp argument list.
  [apply] simp only [v, point_0, point_1, point_2, point_4, point_5]

Note: This linter can be disabled with `set_option linter.unusedSimpArgs false`
/opt/tuza-lean-cache/mathlib/NormalizedBounds.lean:588:91: warning: This simp argument is unused:
  point_5

Hint: Omit it from the simp argument list.
  [apply] simp only [v, point_0, point_1, point_2, point_3, point_4]

Note: This linter can be disabled with `set_option linter.unusedSimpArgs false`
/opt/tuza-lean-cache/mathlib/NormalizedBounds.lean:591:19: warning: This simp argument is unused:
  point_0

Hint: Omit it from the simp argument list.
  [apply] simp only [v, point_1, point_2, point_3, point_4, point_5]

Note: This linter can be disabled with `set_option linter.unusedSimpArgs false`
/opt/tuza-lean-cache/mathlib/NormalizedBounds.lean:591:27: warning: This simp argument is unused:
  point_1

Hint: Omit it from the simp argument list.
  [apply] simp only [v, point_0, point_2, point_3, point_4, point_5]

Note: This linter can be disabled with `set_option linter.unusedSimpArgs false`
/opt/tuza-lean-cache/mathlib/NormalizedBounds.lean:591:35: warning: This simp argument is unused:
  point_2

Hint: Omit it from the simp argument list.
  [apply] simp only [v, point_0, point_1, point_3, point_4, point_5]

Note: This linter can be disabled with `set_option linter.unusedSimpArgs false`
/opt/tuza-lean-cache/mathlib/NormalizedBounds.lean:591:43: warning: This simp argument is unused:
  point_3

Hint: Omit it from the simp argument list.
  [apply] simp only [v, point_0, point_1, point_2, point_4, point_5]

Note: This linter can be disabled with `set_option linter.unusedSimpArgs false`
/opt/tuza-lean-cache/mathlib/NormalizedBounds.lean:591:51: warning: This simp argument is unused:
  point_4

Hint: Omit it from the simp argument list.
  [apply] simp only [v, point_0, point_1, point_2, point_3, point_5]

Note: This linter can be disabled with `set_option linter.unusedSimpArgs false`
/opt/tuza-lean-cache/mathlib/NormalizedBounds.lean:560:113: warning: Unused tactic linter: `ring` does nothing

Note: This linter can be disabled with `set_option linter.unusedTactic false`
/opt/tuza-lean-cache/mathlib/NormalizedBounds.lean:569:68: warning: Unused tactic linter: `ring` does nothing

Note: This linter can be disabled with `set_option linter.unusedTactic false`
/opt/tuza-lean-cache/mathlib/NormalizedBounds.lean:560:113: warning: this tactic is never executed

Note: This linter can be disabled with `set_option linter.unreachableTactic false`
/opt/tuza-lean-cache/mathlib/NormalizedBounds.lean:569:68: warning: this tactic is never executed

Note: This linter can be disabled with `set_option linter.unreachableTactic false`
'TuzaFinalAssembly.replace_unused' depends on axioms: [propext, Classical.choice, Quot.sound]
'TuzaFinalAssembly.finite_ordered' depends on axioms: [propext, Classical.choice, Quot.sound]
'TuzaFinalAssembly.continuous_ordered' depends on axioms: [propext, Classical.choice, Quot.sound]
'TuzaFinalAssembly.active_model' depends on axioms: [propext, Classical.choice, Quot.sound]
TuzaFinalAssembly.active_model.{u_1} {V : Type u_1} [DecidableEq V] [Fintype V] (fallback : ℕ → ℕ → ℕ → ℕ → ℕ → ℕ → Cut)
  (hfinite : FiniteCertificate fallback) (hcontinuous : ContinuousCertificate) (S T : Finset V) (hs : 2 ≤ #S)
  (ht : 2 ≤ #T) (p q : ℕ) :
  coverNumber (twoAttached ⊤ S T (Fin p) (Fin q)) ≤ 2 * packingNumber (twoAttached ⊤ S T (Fin p) (Fin q))
/opt/tuza-lean-cache/mathlib/NormalizedBounds.lean:673:14: warning: This simp argument is unused:
  hxa

Hint: Omit it from the simp argument list.
  [apply] simp [hxb, hba, Ne.symm hxa, Ne.symm hxb, Ne.symm hba]

Note: This linter can be disabled with `set_option linter.unusedSimpArgs false`
/opt/tuza-lean-cache/mathlib/NormalizedBounds.lean:673:18: warning: This simp argument is unused:
  hxb

Hint: Omit it from the simp argument list.
  [apply] simp [hxa, hba, Ne.symm hxa, Ne.symm hxb, Ne.symm hba]

Note: This linter can be disabled with `set_option linter.unusedSimpArgs false`
/opt/tuza-lean-cache/mathlib/NormalizedBounds.lean:673:22: warning: This simp argument is unused:
  hba

Hint: Omit it from the simp argument list.
  [apply] simp [hxa, hxb, Ne.symm hxa, Ne.symm hxb, Ne.symm hba]

Note: This linter can be disabled with `set_option linter.unusedSimpArgs false`
/opt/tuza-lean-cache/mathlib/NormalizedBounds.lean:714:21: warning: `if_pos` has been deprecated: Use `ite_eq_left` instead
/opt/tuza-lean-cache/mathlib/NormalizedBounds.lean:717:21: warning: `if_pos` has been deprecated: Use `ite_eq_left` instead
'TuzaFinalClassification.small_core' depends on axioms: [propext, Classical.choice, Quot.sound]
'TuzaFinalClassification.cover_two' depends on axioms: [propext, Classical.choice, Quot.sound]
'TuzaFinalClassification.split_graph_two_active_types' depends on axioms: [propext, Classical.choice, Quot.sound]
TuzaFinalClassification.split_graph_two_active_types.{u_1} {V : Type u_1} [DecidableEq V] [Fintype V]
  (fallback : ℕ → ℕ → ℕ → ℕ → ℕ → ℕ → Cut) (hfinite : FiniteCertificate fallback) (hcontinuous : ContinuousCertificate)
  (G : SimpleGraph V) (K : Finset V) (hK : G.IsClique ↑K) (hI : ∀ a ∉ K, ∀ b ∉ K, ¬G.Adj a b)
  (htypes : #(activeTypes G K) ≤ 2) : coverNumber G ≤ 2 * packingNumber G
